<?xml version="1.0" encoding="utf-8"?>
<TestRun id="8abbfb34-b926-4ada-8811-a70e3514c023" name="@BeBlWorkstationUbuntu 2025-12-15 22:44:22" xmlns="http://microsoft.com/schemas/VisualStudio/TeamTest/2010">
  <Times creation="2025-12-15T22:44:22.7443806+01:00" queuing="2025-12-15T22:44:22.7443807+01:00" start="2025-12-15T22:44:22.3616751+01:00" finish="2025-12-15T22:44:24.8822844+01:00" />
  <TestSettings name="default" id="508324d2-1f2e-4237-a8cc-7d3611b9d62a">
    <Deployment runDeploymentRoot="_BeBlWorkstationUbuntu_2025-12-15_22_44_22" />
  </TestSettings>
  <Results>
    <UnitTestResult executionId="1d53ffe9-30fd-4364-8d37-10e8ba6b76a9" testId="86bd057a-071a-2cc5-5225-8c9d1628da70" testName="MAS_BT.Tests.CreateDescriptionNodeTests.Execute_UsesCachedDescription_ForRepeatedCapability" computerName="BeBlWorkstationUbuntu" duration="00:00:00.0127863" startTime="2025-12-15T22:44:22.7105860+01:00" endTime="2025-12-15T22:44:22.7355872+01:00" testType="13cdc9d9-ddb5-4fa4-a97d-d965ccfc6d4b" outcome="Passed" testListId="8c84fa94-04c1-424b-9868-57a2d4851a1d" relativeResultsDirectory="1d53ffe9-30fd-4364-8d37-10e8ba6b76a9" />
    <UnitTestResult executionId="998dc381-6c92-448f-92d1-e30b9f8ac719" testId="3302a684-738e-2406-0a2a-6586ed6aac8c" testName="MAS_BT.Tests.RegistrationIntegrationTests.RegisterAgent_PlanningAgent_PublishesSubHolonRegisterToModuleTopic" computerName="BeBlWorkstationUbuntu" duration="00:00:00.0057551" startTime="2025-12-15T22:44:23.0034842+01:00" endTime="2025-12-15T22:44:23.0092218+01:00" testType="13cdc9d9-ddb5-4fa4-a97d-d965ccfc6d4b" outcome="Passed" testListId="8c84fa94-04c1-424b-9868-57a2d4851a1d" relativeResultsDirectory="998dc381-6c92-448f-92d1-e30b9f8ac719" />
    <UnitTestResult executionId="135152a0-e424-4a39-baf7-a9cf55bd6758" testId="9de66c0a-9887-d70c-fb37-cacd26b74bfb" testName="MAS_BT.Tests.RegistrationIntegrationTests.SubscribeAgentTopics_DispatchingAgent_ReceivesOfferResponsesOnOfferTopic" computerName="BeBlWorkstationUbuntu" duration="00:00:00.0020965" startTime="2025-12-15T22:44:23.0145556+01:00" endTime="2025-12-15T22:44:23.0166232+01:00" testType="13cdc9d9-ddb5-4fa4-a97d-d965ccfc6d4b" outcome="Passed" testListId="8c84fa94-04c1-424b-9868-57a2d4851a1d" relativeResultsDirectory="135152a0-e424-4a39-baf7-a9cf55bd6758" />
    <UnitTestResult executionId="4baf78b8-340a-496c-8be9-363bea9209ce" testId="68d47de0-7e3b-b359-4341-c9f86308a866" testName="MAS_BT.Tests.CapabilityMatchmakingNodeTests.ExactIdShortMatchSucceeds" computerName="BeBlWorkstationUbuntu" duration="00:00:00.0319618" startTime="2025-12-15T22:44:22.7106188+01:00" endTime="2025-12-15T22:44:22.7471839+01:00" testType="13cdc9d9-ddb5-4fa4-a97d-d965ccfc6d4b" outcome="Passed" testListId="8c84fa94-04c1-424b-9868-57a2d4851a1d" relativeResultsDirectory="4baf78b8-340a-496c-8be9-363bea9209ce" />
    <UnitTestResult executionId="efd070cc-60f0-4179-b5e7-ae8c24d1bc48" testId="1d193b8a-9da0-0d25-f435-d6ee50ca6104" testName="MAS_BT.Tests.SkillRequestQueueTests.TryEnqueueStoresEnvelopeData" computerName="BeBlWorkstationUbuntu" duration="00:00:00.0021471" startTime="2025-12-15T22:44:22.7384451+01:00" endTime="2025-12-15T22:44:22.7388182+01:00" testType="13cdc9d9-ddb5-4fa4-a97d-d965ccfc6d4b" outcome="Passed" testListId="8c84fa94-04c1-424b-9868-57a2d4851a1d" relativeResultsDirectory="efd070cc-60f0-4179-b5e7-ae8c24d1bc48" />
    <UnitTestResult executionId="7c674322-574f-4962-bcf9-223cb8d5e632" testId="c6c39601-9fd3-33c1-9050-0d8d19490fa0" testName="MAS_BT.Tests.SimilarityAnalysisTests.CalcEmbedding_WithWrongNumberOfElements_Fails" computerName="BeBlWorkstationUbuntu" duration="00:00:00.0002958" startTime="2025-12-15T22:44:22.7708643+01:00" endTime="2025-12-15T22:44:22.7709763+01:00" testType="13cdc9d9-ddb5-4fa4-a97d-d965ccfc6d4b" outcome="Passed" testListId="8c84fa94-04c1-424b-9868-57a2d4851a1d" relativeResultsDirectory="7c674322-574f-4962-bcf9-223cb8d5e632" />
    <UnitTestResult executionId="d2c3f553-3a55-430e-8a7b-0c8c127e2e4d" testId="7cd271b1-0981-acba-d730-fcb38f98ed05" testName="MAS_BT.Tests.RegistrationIntegrationTests.SubscribeAgentTopics_DispatchingAgent_UpdatesInventoryFromIncomingInventoryUpdate" computerName="BeBlWorkstationUbuntu" duration="00:00:00.0522325" startTime="2025-12-15T22:44:23.0166850+01:00" endTime="2025-12-15T22:44:23.0692555+01:00" testType="13cdc9d9-ddb5-4fa4-a97d-d965ccfc6d4b" outcome="Passed" testListId="8c84fa94-04c1-424b-9868-57a2d4851a1d" relativeResultsDirectory="d2c3f553-3a55-430e-8a7b-0c8c127e2e4d" />
    <UnitTestResult executionId="735e57ae-7f0c-4d72-a244-b027b1d17c73" testId="6d5ad7e3-c4cc-63c6-0a79-7afc302eb298" testName="MAS_BT.Tests.UploadSubmodelNodeTests.Execute_WithShellButNoRepo_UpdateSkipped_ReturnsFailure" computerName="BeBlWorkstationUbuntu" duration="00:00:00.0010047" startTime="2025-12-15T22:44:22.7352186+01:00" endTime="2025-12-15T22:44:22.7353118+01:00" testType="13cdc9d9-ddb5-4fa4-a97d-d965ccfc6d4b" outcome="Passed" testListId="8c84fa94-04c1-424b-9868-57a2d4851a1d" relativeResultsDirectory="735e57ae-7f0c-4d72-a244-b027b1d17c73" />
    <UnitTestResult executionId="a4d55471-fc99-4bee-a26d-f785e3cb2cfc" testId="9a01b613-544a-b867-741a-20923925535b" testName="MAS_BT.Tests.CapabilityMatchmakingNodeTests.EmbeddingFallbackMatchesDifferentNames" computerName="BeBlWorkstationUbuntu" duration="00:00:00.0003927" startTime="2025-12-15T22:44:22.7480067+01:00" endTime="2025-12-15T22:44:22.7481860+01:00" testType="13cdc9d9-ddb5-4fa4-a97d-d965ccfc6d4b" outcome="Passed" testListId="8c84fa94-04c1-424b-9868-57a2d4851a1d" relativeResultsDirectory="a4d55471-fc99-4bee-a26d-f785e3cb2cfc" />
    <UnitTestResult executionId="ec28431b-023c-49fd-88aa-2e3bce2ccfab" testId="7bbd22e5-4fd1-1a45-aa66-ac316343fcbe" testName="MAS_BT.Tests.RegistrationIntegrationTests.DispatchingState_UpsertFromRegistration_DoesNotClobberExistingInventory" computerName="BeBlWorkstationUbuntu" duration="00:00:00.0014020" startTime="2025-12-15T22:44:22.7481253+01:00" endTime="2025-12-15T22:44:22.7483062+01:00" testType="13cdc9d9-ddb5-4fa4-a97d-d965ccfc6d4b" outcome="Passed" testListId="8c84fa94-04c1-424b-9868-57a2d4851a1d" relativeResultsDirectory="ec28431b-023c-49fd-88aa-2e3bce2ccfab" />
    <UnitTestResult executionId="e6eceb36-c126-47be-9b15-065859d372c5" testId="2e0a289a-136f-4369-8697-28621f8db105" testName="MAS_BT.Tests.ProcessChainCapabilityMatchmakingTests.CollectCapabilityOffer_ConsumesBufferedResponsesFromInbox" computerName="BeBlWorkstationUbuntu" duration="00:00:00.0654574" startTime="2025-12-15T22:44:22.7104028+01:00" endTime="2025-12-15T22:44:22.7612098+01:00" testType="13cdc9d9-ddb5-4fa4-a97d-d965ccfc6d4b" outcome="Passed" testListId="8c84fa94-04c1-424b-9868-57a2d4851a1d" relativeResultsDirectory="e6eceb36-c126-47be-9b15-065859d372c5" />
    <UnitTestResult executionId="76b29b80-832a-44c6-855f-3f97064e0351" testId="83d564d2-af8c-e113-a721-912f4ce1eb09" testName="MAS_BT.Tests.UploadSubmodelIntegrationTests.Uploads_And_Retrieves_Submodel_On_Remote_Repository" computerName="BeBlWorkstationUbuntu" duration="00:00:00.1005183" startTime="2025-12-15T22:44:22.7092351+01:00" endTime="2025-12-15T22:44:22.7965037+01:00" testType="13cdc9d9-ddb5-4fa4-a97d-d965ccfc6d4b" outcome="Passed" testListId="8c84fa94-04c1-424b-9868-57a2d4851a1d" relativeResultsDirectory="76b29b80-832a-44c6-855f-3f97064e0351" />
    <UnitTestResult executionId="9c411cfc-4757-427b-ac3d-65732414349e" testId="26ad5ebd-c84d-e9d2-7dc2-0fcccdd3dc39" testName="MAS_BT.Tests.Neo4jCapabilityPropertyQueryTests.Descriptor_UsesStoredEmbeddingWithoutCallingProvider" computerName="BeBlWorkstationUbuntu" duration="00:00:00.0057547" startTime="2025-12-15T22:44:22.7092738+01:00" endTime="2025-12-15T22:44:22.7130853+01:00" testType="13cdc9d9-ddb5-4fa4-a97d-d965ccfc6d4b" outcome="Passed" testListId="8c84fa94-04c1-424b-9868-57a2d4851a1d" relativeResultsDirectory="9c411cfc-4757-427b-ac3d-65732414349e" />
    <UnitTestResult executionId="930720f6-5838-4463-929a-92c989e56d0b" testId="d2d21dd5-b6c1-b6fe-a071-79f5c689b374" testName="MAS_BT.Tests.SimilarityAnalysisTests.CalcCosineSimilarity_WithTwoEmbeddings_CalculatesSimilarity" computerName="BeBlWorkstationUbuntu" duration="00:00:00.0027223" startTime="2025-12-15T22:44:22.7667120+01:00" endTime="2025-12-15T22:44:22.7697620+01:00" testType="13cdc9d9-ddb5-4fa4-a97d-d965ccfc6d4b" outcome="Passed" testListId="8c84fa94-04c1-424b-9868-57a2d4851a1d" relativeResultsDirectory="930720f6-5838-4463-929a-92c989e56d0b">
      <Output>
        <StdOut>╔══════════════════════════════════════════════════════════════╗
║           SIMILARITY ANALYSIS RESULTS (Mock Data)            ║
╚══════════════════════════════════════════════════════════════╝

  \ud83d\udcdd Comparison:
     • Element 1: 'Assemble'
     • Element 2: 'Screw'

  \ud83d\udcca Cosine Similarity: 0.978128
     → 97.81% similar

  \ud83d\udcc8 Interpretation:
     ✅ Very High Similarity (nearly identical concepts)

════════════════════════════════════════════════════════════════</StdOut>
      </Output>
    </UnitTestResult>
    <UnitTestResult executionId="d91c2826-1268-4eff-b260-0692b024aaa8" testId="c831f4a0-55ff-d7df-b357-cc839f90d638" testName="MAS_BT.Tests.RegistrationIntegrationTests.RegisterAgent_DispatchingAgent_PrunesStaleModulesByTimeout" computerName="BeBlWorkstationUbuntu" duration="00:00:00.0052127" startTime="2025-12-15T22:44:23.0099777+01:00" endTime="2025-12-15T22:44:23.0144881+01:00" testType="13cdc9d9-ddb5-4fa4-a97d-d965ccfc6d4b" outcome="Passed" testListId="8c84fa94-04c1-424b-9868-57a2d4851a1d" relativeResultsDirectory="d91c2826-1268-4eff-b260-0692b024aaa8" />
    <UnitTestResult executionId="c109050e-2811-43f9-9091-c64ded60c006" testId="57a28589-1cf4-d128-4a2f-6f16f95f5729" testName="MAS_BT.Tests.RegistrationIntegrationTests.SubscribeAgentTopics_DispatchingAgent_UpdatesStateFromIncomingRegistration" computerName="BeBlWorkstationUbuntu" duration="00:00:00.0543179" startTime="2025-12-15T22:44:22.7486568+01:00" endTime="2025-12-15T22:44:22.8001712+01:00" testType="13cdc9d9-ddb5-4fa4-a97d-d965ccfc6d4b" outcome="Passed" testListId="8c84fa94-04c1-424b-9868-57a2d4851a1d" relativeResultsDirectory="c109050e-2811-43f9-9091-c64ded60c006" />
    <UnitTestResult executionId="2e4c2ed9-55f8-4fe9-b414-3f846a49a9a9" testId="2834a1a2-1c05-a4d8-75f0-3617d9008f2a" testName="MAS_BT.Tests.PlanCapabilityOfferNodeTests.OfferRequestP102Assemble_PopulatesConstraintsSkillAndInputs" computerName="BeBlWorkstationUbuntu" duration="00:00:00.0013825" startTime="2025-12-15T22:44:22.7494902+01:00" endTime="2025-12-15T22:44:22.7495535+01:00" testType="13cdc9d9-ddb5-4fa4-a97d-d965ccfc6d4b" outcome="Passed" testListId="8c84fa94-04c1-424b-9868-57a2d4851a1d" relativeResultsDirectory="2e4c2ed9-55f8-4fe9-b414-3f846a49a9a9" />
    <UnitTestResult executionId="5f1c290a-46c5-4735-9df9-b1a8c6a19300" testId="bfe665a5-c2f8-d988-587b-504e1f10c4e8" testName="MAS_BT.Tests.SimilarityAnalysisTests.CalcEmbedding_WithTwoProperties_ExtractsTextAndGetsEmbeddings" computerName="BeBlWorkstationUbuntu" duration="00:00:00.0669371" startTime="2025-12-15T22:44:22.7106945+01:00" endTime="2025-12-15T22:44:22.7652904+01:00" testType="13cdc9d9-ddb5-4fa4-a97d-d965ccfc6d4b" outcome="Passed" testListId="8c84fa94-04c1-424b-9868-57a2d4851a1d" relativeResultsDirectory="5f1c290a-46c5-4735-9df9-b1a8c6a19300">
      <Output>
        <StdOut>\ud83d\udd04 Attempting to connect to Ollama...
✅ Embedding 1 dimension: 768
✅ Embedding 2 dimension: 768</StdOut>
      </Output>
    </UnitTestResult>
    <UnitTestResult executionId="78222984-ac02-47e4-b403-5a9fb5e443eb" testId="6ac585d7-a387-1342-76d7-c282a2223379" testName="MAS_BT.Tests.ModuleMessagingIntegrationTests.DispatchingAgentProcessesRealProcessChainMessage" computerName="BeBlWorkstationUbuntu" duration="00:00:00.0531641" startTime="2025-12-15T22:44:22.7107469+01:00" endTime="2025-12-15T22:44:22.7503523+01:00" testType="13cdc9d9-ddb5-4fa4-a97d-d965ccfc6d4b" outcome="Passed" testListId="8c84fa94-04c1-424b-9868-57a2d4851a1d" relativeResultsDirectory="78222984-ac02-47e4-b403-5a9fb5e443eb" />
    <UnitTestResult executionId="593949f2-f0a7-49b8-804a-9eec5ef770ad" testId="f17d1e68-2578-7c2d-f315-e09d4fe14dc8" testName="MAS_BT.Tests.PlanCapabilityOfferNodeTests.PlanCapabilityOffer_AppendsTransportSequenceInPlacementOrder" computerName="BeBlWorkstationUbuntu" duration="00:00:00.0503052" startTime="2025-12-15T22:44:22.7106596+01:00" endTime="2025-12-15T22:44:22.7487224+01:00" testType="13cdc9d9-ddb5-4fa4-a97d-d965ccfc6d4b" outcome="Passed" testListId="8c84fa94-04c1-424b-9868-57a2d4851a1d" relativeResultsDirectory="593949f2-f0a7-49b8-804a-9eec5ef770ad" />
    <UnitTestResult executionId="676ea35d-d1c9-4e19-a8a5-3623b3499d92" testId="a6023660-f533-19cc-c9ae-66ab989ecacc" testName="MAS_BT.Tests.PairwiseSimilarityTests.BuildPairwiseSimilarityResponse_ConstructsMessage" computerName="BeBlWorkstationUbuntu" duration="00:00:00.0070844" startTime="2025-12-15T22:44:22.7360437+01:00" endTime="2025-12-15T22:44:22.7460509+01:00" testType="13cdc9d9-ddb5-4fa4-a97d-d965ccfc6d4b" outcome="Passed" testListId="8c84fa94-04c1-424b-9868-57a2d4851a1d" relativeResultsDirectory="676ea35d-d1c9-4e19-a8a5-3623b3499d92" />
    <UnitTestResult executionId="86953f65-984b-4f2e-bd35-66eb5d84ce62" testId="d4cf13c1-6999-db44-a6f0-bb7485702364" testName="MAS_BT.Tests.UploadSubmodelNodeTests.Execute_NoCandidateInContext_ReturnsFailure" computerName="BeBlWorkstationUbuntu" duration="00:00:00.0107847" startTime="2025-12-15T22:44:22.7102967+01:00" endTime="2025-12-15T22:44:22.7338292+01:00" testType="13cdc9d9-ddb5-4fa4-a97d-d965ccfc6d4b" outcome="Passed" testListId="8c84fa94-04c1-424b-9868-57a2d4851a1d" relativeResultsDirectory="86953f65-984b-4f2e-bd35-66eb5d84ce62" />
    <UnitTestResult executionId="6e0f8819-6857-4c43-baee-085e0507e709" testId="970a2b65-2257-b78f-acbe-f7a474850d60" testName="MAS_BT.Tests.BuildProcessChainResponseNodeTests.Execute_EmbedsOffersDirectlyInProcessChain" computerName="BeBlWorkstationUbuntu" duration="00:00:00.0269033" startTime="2025-12-15T22:44:22.7102609+01:00" endTime="2025-12-15T22:44:22.7461737+01:00" testType="13cdc9d9-ddb5-4fa4-a97d-d965ccfc6d4b" outcome="Passed" testListId="8c84fa94-04c1-424b-9868-57a2d4851a1d" relativeResultsDirectory="6e0f8819-6857-4c43-baee-085e0507e709" />
    <UnitTestResult executionId="4b926276-e87f-4900-b9e2-7617457cce06" testId="ba5d8499-2135-0197-94e6-e5186b09cc7b" testName="MAS_BT.Tests.PlanningAgentNodesTests.LoadProductionPlan_CreatesPlan" computerName="BeBlWorkstationUbuntu" duration="00:00:00.0186172" startTime="2025-12-15T22:44:22.7101813+01:00" endTime="2025-12-15T22:44:22.7455765+01:00" testType="13cdc9d9-ddb5-4fa4-a97d-d965ccfc6d4b" outcome="Passed" testListId="8c84fa94-04c1-424b-9868-57a2d4851a1d" relativeResultsDirectory="4b926276-e87f-4900-b9e2-7617457cce06" />
    <UnitTestResult executionId="98eee912-b16e-4b73-ac7f-497a3fc7fee6" testId="b4350cbc-7fb1-8dde-54d2-9b897af1009d" testName="MAS_BT.Tests.CapabilityMatchmakingNodeTests.WildcardOfferedPropertyAcceptsAnyValue" computerName="BeBlWorkstationUbuntu" duration="00:00:00.0004325" startTime="2025-12-15T22:44:22.7473486+01:00" endTime="2025-12-15T22:44:22.7474152+01:00" testType="13cdc9d9-ddb5-4fa4-a97d-d965ccfc6d4b" outcome="Passed" testListId="8c84fa94-04c1-424b-9868-57a2d4851a1d" relativeResultsDirectory="98eee912-b16e-4b73-ac7f-497a3fc7fee6" />
    <UnitTestResult executionId="67142576-d1d4-4d1a-a523-55da67912380" testId="55ae6e07-1ef1-8053-6371-c2f73cfde02a" testName="MAS_BT.Tests.Neo4jCapabilityPropertyQueryTests.Integration_Neo4jQuery_ReturnsContainers_WhenEnabled" computerName="BeBlWorkstationUbuntu" duration="00:00:00.0006675" startTime="2025-12-15T22:44:22.7325462+01:00" endTime="2025-12-15T22:44:22.7334509+01:00" testType="13cdc9d9-ddb5-4fa4-a97d-d965ccfc6d4b" outcome="Passed" testListId="8c84fa94-04c1-424b-9868-57a2d4851a1d" relativeResultsDirectory="67142576-d1d4-4d1a-a523-55da67912380" />
    <UnitTestResult executionId="2009c834-9b6c-4617-9530-4aee3f694dd8" testId="0f1ef805-1da4-3a34-9cc3-9e9798ceaaad" testName="MAS_BT.Tests.RegistrationIntegrationTests.RegisterAgent_DispatchingAgent_AggregatesCapabilitiesAndInventoryAcrossModules" computerName="BeBlWorkstationUbuntu" duration="00:00:00.0403701" startTime="2025-12-15T22:44:22.7091805+01:00" endTime="2025-12-15T22:44:22.7479016+01:00" testType="13cdc9d9-ddb5-4fa4-a97d-d965ccfc6d4b" outcome="Passed" testListId="8c84fa94-04c1-424b-9868-57a2d4851a1d" relativeResultsDirectory="2009c834-9b6c-4617-9530-4aee3f694dd8" />
    <UnitTestResult executionId="a1f99edd-7331-4aa8-a64f-29f500b4aa33" testId="e0a1a339-bef3-55ed-7921-66346e49c2d6" testName="MAS_BT.Tests.RegistrationIntegrationTests.WaitForRegistration_AllowsSameAgentIdWhenRolesDiffer" computerName="BeBlWorkstationUbuntu" duration="00:00:00.2022162" startTime="2025-12-15T22:44:22.8002450+01:00" endTime="2025-12-15T22:44:23.0028654+01:00" testType="13cdc9d9-ddb5-4fa4-a97d-d965ccfc6d4b" outcome="Passed" testListId="8c84fa94-04c1-424b-9868-57a2d4851a1d" relativeResultsDirectory="a1f99edd-7331-4aa8-a64f-29f500b4aa33" />
    <UnitTestResult executionId="63c5ddff-9ffa-4870-95bb-fe596ee61ebb" testId="d854f7f8-3900-d326-1b06-4a354c1050c4" testName="MAS_BT.Tests.Neo4jCapabilityPropertyQueryTests.Integration_Neo4jQuery_ReturnsCapabilityReference_WhenEnabled" computerName="BeBlWorkstationUbuntu" duration="00:00:00.0019097" startTime="2025-12-15T22:44:22.7310527+01:00" endTime="2025-12-15T22:44:22.7322683+01:00" testType="13cdc9d9-ddb5-4fa4-a97d-d965ccfc6d4b" outcome="Passed" testListId="8c84fa94-04c1-424b-9868-57a2d4851a1d" relativeResultsDirectory="63c5ddff-9ffa-4870-95bb-fe596ee61ebb" />
    <UnitTestResult executionId="18d33bf8-314b-49c8-b4eb-52b7b4f110ec" testId="4d6f8513-ed57-c9c7-834d-45ddbd277ed7" testName="MAS_BT.Tests.PairwiseSimilarityTests.CalcPairwiseSimilarity_ComputesCorrectNumberOfPairs" computerName="BeBlWorkstationUbuntu" duration="00:00:00.0131522" startTime="2025-12-15T22:44:22.7103673+01:00" endTime="2025-12-15T22:44:22.7357984+01:00" testType="13cdc9d9-ddb5-4fa4-a97d-d965ccfc6d4b" outcome="Passed" testListId="8c84fa94-04c1-424b-9868-57a2d4851a1d" relativeResultsDirectory="18d33bf8-314b-49c8-b4eb-52b7b4f110ec" />
    <UnitTestResult executionId="82472adf-582c-4227-ac21-47a3fdf9225c" testId="cc6b2955-265e-191b-766b-619406f45370" testName="MAS_BT.Tests.UploadSubmodelNodeEdgeCaseTests.ReferenceComparison_DoesNotThrow_WhenListContainsNulls" computerName="BeBlWorkstationUbuntu" duration="00:00:00.0064366" startTime="2025-12-15T22:44:22.7107778+01:00" endTime="2025-12-15T22:44:22.7188424+01:00" testType="13cdc9d9-ddb5-4fa4-a97d-d965ccfc6d4b" outcome="Passed" testListId="8c84fa94-04c1-424b-9868-57a2d4851a1d" relativeResultsDirectory="82472adf-582c-4227-ac21-47a3fdf9225c" />
    <UnitTestResult executionId="e4e3ad63-0594-4b95-9d99-5db428b58246" testId="8c2276d2-4417-dce8-2155-2f260f8dab0f" testName="MAS_BT.Tests.ModuleHolonSpawnTests.SpawnAndRegistersSubHolonsFromConfig" computerName="BeBlWorkstationUbuntu" duration="00:00:00.2232284" startTime="2025-12-15T22:44:22.7069636+01:00" endTime="2025-12-15T22:44:22.9194178+01:00" testType="13cdc9d9-ddb5-4fa4-a97d-d965ccfc6d4b" outcome="Passed" testListId="8c84fa94-04c1-424b-9868-57a2d4851a1d" relativeResultsDirectory="e4e3ad63-0594-4b95-9d99-5db428b58246" />
    <UnitTestResult executionId="9d1cdf07-bcdd-4331-81c8-9201fcfead23" testId="b6d90ef6-3f79-8546-5862-92eefebf5997" testName="MAS_BT.Tests.SimilarityAnalysisTests.SimilarityAnalysis_EndToEnd_WithRealMessage" computerName="BeBlWorkstationUbuntu" duration="00:00:00.0178513" startTime="2025-12-15T22:44:22.7710247+01:00" endTime="2025-12-15T22:44:22.7878130+01:00" testType="13cdc9d9-ddb5-4fa4-a97d-d965ccfc6d4b" outcome="Passed" testListId="8c84fa94-04c1-424b-9868-57a2d4851a1d" relativeResultsDirectory="9d1cdf07-bcdd-4331-81c8-9201fcfead23">
      <Output>
        <StdOut>\ud83d\udd04 Attempting to connect to Ollama...

╔══════════════════════════════════════════════════════════════╗
║           SIMILARITY ANALYSIS RESULTS                        ║
╚══════════════════════════════════════════════════════════════╝

  \ud83d\udcdd Comparison:
     • Element 1: 'Assemble'
     • Element 2: 'Screw'

  \ud83d\udcca Cosine Similarity: 0.698404
     → 69.84% similar

  \ud83d\udcc8 Interpretation:
     ⚠️  Medium Similarity (somewhat related)

  \ud83d\udce4 Response Message:
     • Type: informConfirm
     • Conversation ID: f47b14f5-cfe3-43ec-8eb3-037ae71c3317
     • Sender: SimilarityAnalysisAgent_phuket
     • Receiver: DispatchingAgent_phuket

════════════════════════════════════════════════════════════════</StdOut>
      </Output>
    </UnitTestResult>
    <UnitTestResult executionId="2cee1721-038a-4505-8fe7-a331d413d487" testId="ca418959-c865-76d3-9692-6d20ee3a30b6" testName="MAS_BT.Tests.CapabilityMatchmakingNodeTests.MissingMatchFails" computerName="BeBlWorkstationUbuntu" duration="00:00:00.0078700" startTime="2025-12-15T22:44:22.7475653+01:00" endTime="2025-12-15T22:44:22.7477648+01:00" testType="13cdc9d9-ddb5-4fa4-a97d-d965ccfc6d4b" outcome="Passed" testListId="8c84fa94-04c1-424b-9868-57a2d4851a1d" relativeResultsDirectory="2cee1721-038a-4505-8fe7-a331d413d487" />
    <UnitTestResult executionId="12123ea1-df45-4bd1-a09f-5d430b00aa3f" testId="ff68871d-dfed-c21f-0248-ff80b9471bff" testName="MAS_BT.Tests.SkillRequestQueueTests.TryStartNextMarksItemsRunningWithoutRemoving" computerName="BeBlWorkstationUbuntu" duration="00:00:00.0017012" startTime="2025-12-15T22:44:22.7451105+01:00" endTime="2025-12-15T22:44:22.7453582+01:00" testType="13cdc9d9-ddb5-4fa4-a97d-d965ccfc6d4b" outcome="Passed" testListId="8c84fa94-04c1-424b-9868-57a2d4851a1d" relativeResultsDirectory="12123ea1-df45-4bd1-a09f-5d430b00aa3f" />
    <UnitTestResult executionId="fc0e0522-0898-4274-8c6d-d2e045c0c063" testId="f59aafa0-dbef-b7c5-0406-0622c0732e78" testName="MAS_BT.Tests.MqttPublishedCalcSimilarityPayloadDeserializationTests.Deserialize_MosquittoPubPayload_CreatesI40MessageWithInteractionElements" computerName="BeBlWorkstationUbuntu" duration="00:00:00.0367709" startTime="2025-12-15T22:44:22.7093086+01:00" endTime="2025-12-15T22:44:22.7476305+01:00" testType="13cdc9d9-ddb5-4fa4-a97d-d965ccfc6d4b" outcome="Passed" testListId="8c84fa94-04c1-424b-9868-57a2d4851a1d" relativeResultsDirectory="fc0e0522-0898-4274-8c6d-d2e045c0c063" />
    <UnitTestResult executionId="a6e299a7-791f-4659-9ff8-107a16ed1d20" testId="5b76061b-73d7-7732-8685-59ac8f0779b5" testName="MAS_BT.Tests.Neo4jCapabilityPropertyQueryTests.TryParseEmbedding_ParsesCsvDoubles" computerName="BeBlWorkstationUbuntu" duration="00:00:00.0059659" startTime="2025-12-15T22:44:22.7337302+01:00" endTime="2025-12-15T22:44:22.7385507+01:00" testType="13cdc9d9-ddb5-4fa4-a97d-d965ccfc6d4b" outcome="Passed" testListId="8c84fa94-04c1-424b-9868-57a2d4851a1d" relativeResultsDirectory="a6e299a7-791f-4659-9ff8-107a16ed1d20" />
    <UnitTestResult executionId="bff691fe-1afe-4bd6-a41c-64d35b8b7451" testId="2555d7b1-16c3-655d-0ea2-460472411419" testName="MAS_BT.Tests.DispatchScheduledStepsNodeTests.DispatchRespectsSchedulingWindows" computerName="BeBlWorkstationUbuntu" duration="00:00:00.0305701" startTime="2025-12-15T22:44:22.7102243+01:00" endTime="2025-12-15T22:44:22.7463013+01:00" testType="13cdc9d9-ddb5-4fa4-a97d-d965ccfc6d4b" outcome="Passed" testListId="8c84fa94-04c1-424b-9868-57a2d4851a1d" relativeResultsDirectory="bff691fe-1afe-4bd6-a41c-64d35b8b7451" />
    <UnitTestResult executionId="7dc9b0fd-0545-4ae3-a012-7be3122d77b3" testId="a589663b-55bf-1c92-5608-67ab0ba1d7c2" testName="MAS_BT.Tests.ProcessChainCapabilityMatchmakingTests.CapabilityCheckSuccess_AllowsDispatchOfCapabilityRequests" computerName="BeBlWorkstationUbuntu" duration="00:00:00.0025545" startTime="2025-12-15T22:44:22.7670718+01:00" endTime="2025-12-15T22:44:22.7709076+01:00" testType="13cdc9d9-ddb5-4fa4-a97d-d965ccfc6d4b" outcome="Passed" testListId="8c84fa94-04c1-424b-9868-57a2d4851a1d" relativeResultsDirectory="7dc9b0fd-0545-4ae3-a012-7be3122d77b3" />
    <UnitTestResult executionId="fb5dc609-07cc-4cf7-88e5-b327ba0d4eca" testId="ecebad3b-8004-52c6-2d4a-545445178668" testName="MAS_BT.Tests.UploadSubmodelNodeTests.Execute_NoSubmodelRepositoryConfigured_ReturnsFailure" computerName="BeBlWorkstationUbuntu" duration="00:00:00.0007136" startTime="2025-12-15T22:44:22.7340479+01:00" endTime="2025-12-15T22:44:22.7349560+01:00" testType="13cdc9d9-ddb5-4fa4-a97d-d965ccfc6d4b" outcome="Passed" testListId="8c84fa94-04c1-424b-9868-57a2d4851a1d" relativeResultsDirectory="fb5dc609-07cc-4cf7-88e5-b327ba0d4eca" />
    <UnitTestResult executionId="ef6c4924-89d2-44a3-8694-7c7dc58c4995" testId="cc53e5f2-81b0-c4be-7f30-f32fbd1bbf90" testName="MAS_BT.Tests.RegistrationIntegrationTests.RegisterAgent_DispatchingAgent_PublishesRegisterToNamespaceWithSubagentsFromState" computerName="BeBlWorkstationUbuntu" duration="00:00:00.0080456" startTime="2025-12-15T22:44:22.7484479+01:00" endTime="2025-12-15T22:44:22.7485091+01:00" testType="13cdc9d9-ddb5-4fa4-a97d-d965ccfc6d4b" outcome="Passed" testListId="8c84fa94-04c1-424b-9868-57a2d4851a1d" relativeResultsDirectory="ef6c4924-89d2-44a3-8694-7c7dc58c4995" />
    <UnitTestResult executionId="a0cb1816-a395-4543-af8a-a748b9e37b97" testId="51101caa-470e-0b49-ad01-0185e3c7a567" testName="MAS_BT.Tests.SkillRequestQueueTests.TryRemoveByConversationIdRemovesEntries" computerName="BeBlWorkstationUbuntu" duration="00:00:00.0144976" startTime="2025-12-15T22:44:22.7103321+01:00" endTime="2025-12-15T22:44:22.7361408+01:00" testType="13cdc9d9-ddb5-4fa4-a97d-d965ccfc6d4b" outcome="Passed" testListId="8c84fa94-04c1-424b-9868-57a2d4851a1d" relativeResultsDirectory="a0cb1816-a395-4543-af8a-a748b9e37b97" />
    <UnitTestResult executionId="f70b7084-b35a-4399-8f5b-c6bb24d3b7c3" testId="108438f4-42f4-1f87-fc72-44c9966852cc" testName="MAS_BT.Tests.PlanningAgentNodesTests.SelectNextAction_FailsWithoutPlan" computerName="BeBlWorkstationUbuntu" duration="00:00:00.0010992" startTime="2025-12-15T22:44:22.7457380+01:00" endTime="2025-12-15T22:44:22.7457998+01:00" testType="13cdc9d9-ddb5-4fa4-a97d-d965ccfc6d4b" outcome="Passed" testListId="8c84fa94-04c1-424b-9868-57a2d4851a1d" relativeResultsDirectory="f70b7084-b35a-4399-8f5b-c6bb24d3b7c3" />
    <UnitTestResult executionId="f994b74e-18a3-4d83-9d27-d481a2cb20dd" testId="e7e9e105-fd1a-196d-d5a6-3708a4f8d6f8" testName="MAS_BT.Tests.SkillRequestQueueTests.TryEnqueueHonorsCapacity" computerName="BeBlWorkstationUbuntu" duration="00:00:00.0015372" startTime="2025-12-15T22:44:22.7455080+01:00" endTime="2025-12-15T22:44:22.7459273+01:00" testType="13cdc9d9-ddb5-4fa4-a97d-d965ccfc6d4b" outcome="Passed" testListId="8c84fa94-04c1-424b-9868-57a2d4851a1d" relativeResultsDirectory="f994b74e-18a3-4d83-9d27-d481a2cb20dd" />
    <UnitTestResult executionId="4b8bcadb-fdec-44cc-bffe-19c8dbaa2edf" testId="c631e6b7-4af0-c369-329a-b95e8b11b16c" testName="MAS_BT.Tests.ModuleMessagingIntegrationTests.PlanningAgentRespondsToDispatcherOffer" computerName="BeBlWorkstationUbuntu" duration="00:00:00.0222567" startTime="2025-12-15T22:44:24.8138109+01:00" endTime="2025-12-15T22:44:24.8303494+01:00" testType="13cdc9d9-ddb5-4fa4-a97d-d965ccfc6d4b" outcome="Passed" testListId="8c84fa94-04c1-424b-9868-57a2d4851a1d" relativeResultsDirectory="4b8bcadb-fdec-44cc-bffe-19c8dbaa2edf" />
    <UnitTestResult executionId="ee538de8-6cbb-4a56-a130-9342df15dde1" testId="3284f0ab-f291-93f5-83bf-49b93be6ac8d" testName="MAS_BT.Tests.ModuleMessagingIntegrationTests.DispatcherBuildsManufacturingSequenceWithTransportSequences" computerName="BeBlWorkstationUbuntu" duration="00:00:02.0504724" startTime="2025-12-15T22:44:22.7505217+01:00" endTime="2025-12-15T22:44:24.8083978+01:00" testType="13cdc9d9-ddb5-4fa4-a97d-d965ccfc6d4b" outcome="Failed" testListId="8c84fa94-04c1-424b-9868-57a2d4851a1d" relativeResultsDirectory="ee538de8-6cbb-4a56-a130-9342df15dde1">
      <Output>
        <ErrorInfo>
          <Message>Assert.Equal() Failure: Values differ
Expected: Success
Actual:   Running</Message>
          <StackTrace>   at MAS_BT.Tests.ModuleMessagingIntegrationTests.DispatcherBuildsManufacturingSequenceWithTransportSequences() in /home/benjamin/AgentDevelopment/MAS-BT/tests/ModuleMessagingIntegrationTests.cs:line 423
--- End of stack trace from previous location ---</StackTrace>
        </ErrorInfo>
      </Output>
    </UnitTestResult>
    <UnitTestResult executionId="1dacafbd-cee0-4664-b853-dcf4dacc7431" testId="d9b86ebe-9f40-44fb-0df7-7781c4dfa0d1" testName="MAS_BT.Tests.ModuleMessagingIntegrationTests.PlanningAgentNodes_SendProposalResponse" computerName="BeBlWorkstationUbuntu" duration="00:00:00.0026509" startTime="2025-12-15T22:44:24.8306735+01:00" endTime="2025-12-15T22:44:24.8330076+01:00" testType="13cdc9d9-ddb5-4fa4-a97d-d965ccfc6d4b" outcome="Passed" testListId="8c84fa94-04c1-424b-9868-57a2d4851a1d" relativeResultsDirectory="1dacafbd-cee0-4664-b853-dcf4dacc7431" />
    <UnitTestResult executionId="06e8542c-b70d-48ad-acb7-f25f8ecca30f" testId="7f00ed03-183e-d219-0e56-bc2634a443c8" testName="MAS_BT.Tests.PlanCapabilityOfferNodeTests.OfferRequestP102Assemble_UsesNeo4jReference_WhenAvailable" computerName="BeBlWorkstationUbuntu" duration="00:00:00.0043229" startTime="2025-12-15T22:44:22.7497290+01:00" endTime="2025-12-15T22:44:22.7518028+01:00" testType="13cdc9d9-ddb5-4fa4-a97d-d965ccfc6d4b" outcome="Passed" testListId="8c84fa94-04c1-424b-9868-57a2d4851a1d" relativeResultsDirectory="06e8542c-b70d-48ad-acb7-f25f8ecca30f" />
    <UnitTestResult executionId="3ac671d5-1206-4996-a01c-3498ce546688" testId="f93124c0-e188-f709-3235-1db0ff02d7a5" testName="MAS_BT.Tests.ProcessChainCapabilityMatchmakingTests.CapabilityCheckFailure_SendsRefusalResponse" computerName="BeBlWorkstationUbuntu" duration="00:00:00.0056358" startTime="2025-12-15T22:44:22.7614252+01:00" endTime="2025-12-15T22:44:22.7669094+01:00" testType="13cdc9d9-ddb5-4fa4-a97d-d965ccfc6d4b" outcome="Passed" testListId="8c84fa94-04c1-424b-9868-57a2d4851a1d" relativeResultsDirectory="3ac671d5-1206-4996-a01c-3498ce546688" />
    <UnitTestResult executionId="87f2ccdb-352d-43f7-bc3b-478f2bf931e5" testId="1a830ff4-0888-f9ea-6229-8e11e802e4c1" testName="MAS_BT.Tests.ModuleMessagingIntegrationTests.ForwardCapabilityRequests_ForwardsDispatcherCfpToPlanningTopic" computerName="BeBlWorkstationUbuntu" duration="00:00:00.0055563" startTime="2025-12-15T22:44:24.8332401+01:00" endTime="2025-12-15T22:44:24.8386529+01:00" testType="13cdc9d9-ddb5-4fa4-a97d-d965ccfc6d4b" outcome="Passed" testListId="8c84fa94-04c1-424b-9868-57a2d4851a1d" relativeResultsDirectory="87f2ccdb-352d-43f7-bc3b-478f2bf931e5" />
    <UnitTestResult executionId="d6814c38-4219-4b88-8539-e100ae82273a" testId="f6d398eb-84a6-71bd-4689-c071775d45dd" testName="MAS_BT.Tests.CapabilityRequestContextTests.FromMessage_AttachesCapabilityContainer" computerName="BeBlWorkstationUbuntu" duration="00:00:00.0169255" startTime="2025-12-15T22:44:22.7091178+01:00" endTime="2025-12-15T22:44:22.7451936+01:00" testType="13cdc9d9-ddb5-4fa4-a97d-d965ccfc6d4b" outcome="Passed" testListId="8c84fa94-04c1-424b-9868-57a2d4851a1d" relativeResultsDirectory="d6814c38-4219-4b88-8539-e100ae82273a" />
    <UnitTestResult executionId="2cff31ba-15f9-470d-a71a-f67cd67c78d6" testId="7e345b3b-d51c-a774-67a3-3429e5b3b2ad" testName="MAS_BT.Tests.RegistrationIntegrationTests.DispatchingModuleInfo_FromMessage_ExtractsAgentIdAndCapabilitiesFromRegisterMessage" computerName="BeBlWorkstationUbuntu" duration="00:00:00.0004992" startTime="2025-12-15T22:44:23.0030238+01:00" endTime="2025-12-15T22:44:23.0033934+01:00" testType="13cdc9d9-ddb5-4fa4-a97d-d965ccfc6d4b" outcome="Passed" testListId="8c84fa94-04c1-424b-9868-57a2d4851a1d" relativeResultsDirectory="2cff31ba-15f9-470d-a71a-f67cd67c78d6" />
  </Results>
  <TestDefinitions>
    <UnitTest name="MAS_BT.Tests.Neo4jCapabilityPropertyQueryTests.Integration_Neo4jQuery_ReturnsContainers_WhenEnabled" storage="/home/benjamin/agentdevelopment/mas-bt/bin/debug/net10.0/mas-bt.dll" id="55ae6e07-1ef1-8053-6371-c2f73cfde02a">
      <Execution id="67142576-d1d4-4d1a-a523-55da67912380" />
      <TestMethod codeBase="/home/benjamin/AgentDevelopment/MAS-BT/bin/Debug/net10.0/MAS-BT.dll" adapterTypeName="executor://xunit/VsTestRunner3/netcore/" className="MAS_BT.Tests.Neo4jCapabilityPropertyQueryTests" name="Integration_Neo4jQuery_ReturnsContainers_WhenEnabled" />
    </UnitTest>
    <UnitTest name="MAS_BT.Tests.ModuleHolonSpawnTests.SpawnAndRegistersSubHolonsFromConfig" storage="/home/benjamin/agentdevelopment/mas-bt/bin/debug/net10.0/mas-bt.dll" id="8c2276d2-4417-dce8-2155-2f260f8dab0f">
      <Execution id="e4e3ad63-0594-4b95-9d99-5db428b58246" />
      <TestMethod codeBase="/home/benjamin/AgentDevelopment/MAS-BT/bin/Debug/net10.0/MAS-BT.dll" adapterTypeName="executor://xunit/VsTestRunner3/netcore/" className="MAS_BT.Tests.ModuleHolonSpawnTests" name="SpawnAndRegistersSubHolonsFromConfig" />
    </UnitTest>
    <UnitTest name="MAS_BT.Tests.RegistrationIntegrationTests.RegisterAgent_DispatchingAgent_PrunesStaleModulesByTimeout" storage="/home/benjamin/agentdevelopment/mas-bt/bin/debug/net10.0/mas-bt.dll" id="c831f4a0-55ff-d7df-b357-cc839f90d638">
      <Execution id="d91c2826-1268-4eff-b260-0692b024aaa8" />
      <TestMethod codeBase="/home/benjamin/AgentDevelopment/MAS-BT/bin/Debug/net10.0/MAS-BT.dll" adapterTypeName="executor://xunit/VsTestRunner3/netcore/" className="MAS_BT.Tests.RegistrationIntegrationTests" name="RegisterAgent_DispatchingAgent_PrunesStaleModulesByTimeout" />
    </UnitTest>
    <UnitTest name="MAS_BT.Tests.SimilarityAnalysisTests.CalcEmbedding_WithTwoProperties_ExtractsTextAndGetsEmbeddings" storage="/home/benjamin/agentdevelopment/mas-bt/bin/debug/net10.0/mas-bt.dll" id="bfe665a5-c2f8-d988-587b-504e1f10c4e8">
      <Execution id="5f1c290a-46c5-4735-9df9-b1a8c6a19300" />
      <TestMethod codeBase="/home/benjamin/AgentDevelopment/MAS-BT/bin/Debug/net10.0/MAS-BT.dll" adapterTypeName="executor://xunit/VsTestRunner3/netcore/" className="MAS_BT.Tests.SimilarityAnalysisTests" name="CalcEmbedding_WithTwoProperties_ExtractsTextAndGetsEmbeddings" />
    </UnitTest>
    <UnitTest name="MAS_BT.Tests.UploadSubmodelNodeEdgeCaseTests.ReferenceComparison_DoesNotThrow_WhenListContainsNulls" storage="/home/benjamin/agentdevelopment/mas-bt/bin/debug/net10.0/mas-bt.dll" id="cc6b2955-265e-191b-766b-619406f45370">
      <Execution id="82472adf-582c-4227-ac21-47a3fdf9225c" />
      <TestMethod codeBase="/home/benjamin/AgentDevelopment/MAS-BT/bin/Debug/net10.0/MAS-BT.dll" adapterTypeName="executor://xunit/VsTestRunner3/netcore/" className="MAS_BT.Tests.UploadSubmodelNodeEdgeCaseTests" name="ReferenceComparison_DoesNotThrow_WhenListContainsNulls" />
    </UnitTest>
    <UnitTest name="MAS_BT.Tests.SkillRequestQueueTests.TryStartNextMarksItemsRunningWithoutRemoving" storage="/home/benjamin/agentdevelopment/mas-bt/bin/debug/net10.0/mas-bt.dll" id="ff68871d-dfed-c21f-0248-ff80b9471bff">
      <Execution id="12123ea1-df45-4bd1-a09f-5d430b00aa3f" />
      <TestMethod codeBase="/home/benjamin/AgentDevelopment/MAS-BT/bin/Debug/net10.0/MAS-BT.dll" adapterTypeName="executor://xunit/VsTestRunner3/netcore/" className="MAS_BT.Tests.SkillRequestQueueTests" name="TryStartNextMarksItemsRunningWithoutRemoving" />
    </UnitTest>
    <UnitTest name="MAS_BT.Tests.DispatchScheduledStepsNodeTests.DispatchRespectsSchedulingWindows" storage="/home/benjamin/agentdevelopment/mas-bt/bin/debug/net10.0/mas-bt.dll" id="2555d7b1-16c3-655d-0ea2-460472411419">
      <Execution id="bff691fe-1afe-4bd6-a41c-64d35b8b7451" />
      <TestMethod codeBase="/home/benjamin/AgentDevelopment/MAS-BT/bin/Debug/net10.0/MAS-BT.dll" adapterTypeName="executor://xunit/VsTestRunner3/netcore/" className="MAS_BT.Tests.DispatchScheduledStepsNodeTests" name="DispatchRespectsSchedulingWindows" />
    </UnitTest>
    <UnitTest name="MAS_BT.Tests.UploadSubmodelNodeTests.Execute_NoSubmodelRepositoryConfigured_ReturnsFailure" storage="/home/benjamin/agentdevelopment/mas-bt/bin/debug/net10.0/mas-bt.dll" id="ecebad3b-8004-52c6-2d4a-545445178668">
      <Execution id="fb5dc609-07cc-4cf7-88e5-b327ba0d4eca" />
      <TestMethod codeBase="/home/benjamin/AgentDevelopment/MAS-BT/bin/Debug/net10.0/MAS-BT.dll" adapterTypeName="executor://xunit/VsTestRunner3/netcore/" className="MAS_BT.Tests.UploadSubmodelNodeTests" name="Execute_NoSubmodelRepositoryConfigured_ReturnsFailure" />
    </UnitTest>
    <UnitTest name="MAS_BT.Tests.CapabilityMatchmakingNodeTests.WildcardOfferedPropertyAcceptsAnyValue" storage="/home/benjamin/agentdevelopment/mas-bt/bin/debug/net10.0/mas-bt.dll" id="b4350cbc-7fb1-8dde-54d2-9b897af1009d">
      <Execution id="98eee912-b16e-4b73-ac7f-497a3fc7fee6" />
      <TestMethod codeBase="/home/benjamin/AgentDevelopment/MAS-BT/bin/Debug/net10.0/MAS-BT.dll" adapterTypeName="executor://xunit/VsTestRunner3/netcore/" className="MAS_BT.Tests.CapabilityMatchmakingNodeTests" name="WildcardOfferedPropertyAcceptsAnyValue" />
    </UnitTest>
    <UnitTest name="MAS_BT.Tests.CapabilityMatchmakingNodeTests.MissingMatchFails" storage="/home/benjamin/agentdevelopment/mas-bt/bin/debug/net10.0/mas-bt.dll" id="ca418959-c865-76d3-9692-6d20ee3a30b6">
      <Execution id="2cee1721-038a-4505-8fe7-a331d413d487" />
      <TestMethod codeBase="/home/benjamin/AgentDevelopment/MAS-BT/bin/Debug/net10.0/MAS-BT.dll" adapterTypeName="executor://xunit/VsTestRunner3/netcore/" className="MAS_BT.Tests.CapabilityMatchmakingNodeTests" name="MissingMatchFails" />
    </UnitTest>
    <UnitTest name="MAS_BT.Tests.ModuleMessagingIntegrationTests.DispatchingAgentProcessesRealProcessChainMessage" storage="/home/benjamin/agentdevelopment/mas-bt/bin/debug/net10.0/mas-bt.dll" id="6ac585d7-a387-1342-76d7-c282a2223379">
      <Execution id="78222984-ac02-47e4-b403-5a9fb5e443eb" />
      <TestMethod codeBase="/home/benjamin/AgentDevelopment/MAS-BT/bin/Debug/net10.0/MAS-BT.dll" adapterTypeName="executor://xunit/VsTestRunner3/netcore/" className="MAS_BT.Tests.ModuleMessagingIntegrationTests" name="DispatchingAgentProcessesRealProcessChainMessage" />
    </UnitTest>
    <UnitTest name="MAS_BT.Tests.Neo4jCapabilityPropertyQueryTests.TryParseEmbedding_ParsesCsvDoubles" storage="/home/benjamin/agentdevelopment/mas-bt/bin/debug/net10.0/mas-bt.dll" id="5b76061b-73d7-7732-8685-59ac8f0779b5">
      <Execution id="a6e299a7-791f-4659-9ff8-107a16ed1d20" />
      <TestMethod codeBase="/home/benjamin/AgentDevelopment/MAS-BT/bin/Debug/net10.0/MAS-BT.dll" adapterTypeName="executor://xunit/VsTestRunner3/netcore/" className="MAS_BT.Tests.Neo4jCapabilityPropertyQueryTests" name="TryParseEmbedding_ParsesCsvDoubles" />
    </UnitTest>
    <UnitTest name="MAS_BT.Tests.UploadSubmodelNodeTests.Execute_WithShellButNoRepo_UpdateSkipped_ReturnsFailure" storage="/home/benjamin/agentdevelopment/mas-bt/bin/debug/net10.0/mas-bt.dll" id="6d5ad7e3-c4cc-63c6-0a79-7afc302eb298">
      <Execution id="735e57ae-7f0c-4d72-a244-b027b1d17c73" />
      <TestMethod codeBase="/home/benjamin/AgentDevelopment/MAS-BT/bin/Debug/net10.0/MAS-BT.dll" adapterTypeName="executor://xunit/VsTestRunner3/netcore/" className="MAS_BT.Tests.UploadSubmodelNodeTests" name="Execute_WithShellButNoRepo_UpdateSkipped_ReturnsFailure" />
    </UnitTest>
    <UnitTest name="MAS_BT.Tests.RegistrationIntegrationTests.SubscribeAgentTopics_DispatchingAgent_UpdatesInventoryFromIncomingInventoryUpdate" storage="/home/benjamin/agentdevelopment/mas-bt/bin/debug/net10.0/mas-bt.dll" id="7cd271b1-0981-acba-d730-fcb38f98ed05">
      <Execution id="d2c3f553-3a55-430e-8a7b-0c8c127e2e4d" />
      <TestMethod codeBase="/home/benjamin/AgentDevelopment/MAS-BT/bin/Debug/net10.0/MAS-BT.dll" adapterTypeName="executor://xunit/VsTestRunner3/netcore/" className="MAS_BT.Tests.RegistrationIntegrationTests" name="SubscribeAgentTopics_DispatchingAgent_UpdatesInventoryFromIncomingInventoryUpdate" />
    </UnitTest>
    <UnitTest name="MAS_BT.Tests.RegistrationIntegrationTests.DispatchingState_UpsertFromRegistration_DoesNotClobberExistingInventory" storage="/home/benjamin/agentdevelopment/mas-bt/bin/debug/net10.0/mas-bt.dll" id="7bbd22e5-4fd1-1a45-aa66-ac316343fcbe">
      <Execution id="ec28431b-023c-49fd-88aa-2e3bce2ccfab" />
      <TestMethod codeBase="/home/benjamin/AgentDevelopment/MAS-BT/bin/Debug/net10.0/MAS-BT.dll" adapterTypeName="executor://xunit/VsTestRunner3/netcore/" className="MAS_BT.Tests.RegistrationIntegrationTests" name="DispatchingState_UpsertFromRegistration_DoesNotClobberExistingInventory" />
    </UnitTest>
    <UnitTest name="MAS_BT.Tests.ProcessChainCapabilityMatchmakingTests.CollectCapabilityOffer_ConsumesBufferedResponsesFromInbox" storage="/home/benjamin/agentdevelopment/mas-bt/bin/debug/net10.0/mas-bt.dll" id="2e0a289a-136f-4369-8697-28621f8db105">
      <Execution id="e6eceb36-c126-47be-9b15-065859d372c5" />
      <TestMethod codeBase="/home/benjamin/AgentDevelopment/MAS-BT/bin/Debug/net10.0/MAS-BT.dll" adapterTypeName="executor://xunit/VsTestRunner3/netcore/" className="MAS_BT.Tests.ProcessChainCapabilityMatchmakingTests" name="CollectCapabilityOffer_ConsumesBufferedResponsesFromInbox" />
    </UnitTest>
    <UnitTest name="MAS_BT.Tests.CreateDescriptionNodeTests.Execute_UsesCachedDescription_ForRepeatedCapability" storage="/home/benjamin/agentdevelopment/mas-bt/bin/debug/net10.0/mas-bt.dll" id="86bd057a-071a-2cc5-5225-8c9d1628da70">
      <Execution id="1d53ffe9-30fd-4364-8d37-10e8ba6b76a9" />
      <TestMethod codeBase="/home/benjamin/AgentDevelopment/MAS-BT/bin/Debug/net10.0/MAS-BT.dll" adapterTypeName="executor://xunit/VsTestRunner3/netcore/" className="MAS_BT.Tests.CreateDescriptionNodeTests" name="Execute_UsesCachedDescription_ForRepeatedCapability" />
    </UnitTest>
    <UnitTest name="MAS_BT.Tests.CapabilityMatchmakingNodeTests.ExactIdShortMatchSucceeds" storage="/home/benjamin/agentdevelopment/mas-bt/bin/debug/net10.0/mas-bt.dll" id="68d47de0-7e3b-b359-4341-c9f86308a866">
      <Execution id="4baf78b8-340a-496c-8be9-363bea9209ce" />
      <TestMethod codeBase="/home/benjamin/AgentDevelopment/MAS-BT/bin/Debug/net10.0/MAS-BT.dll" adapterTypeName="executor://xunit/VsTestRunner3/netcore/" className="MAS_BT.Tests.CapabilityMatchmakingNodeTests" name="ExactIdShortMatchSucceeds" />
    </UnitTest>
    <UnitTest name="MAS_BT.Tests.SimilarityAnalysisTests.CalcEmbedding_WithWrongNumberOfElements_Fails" storage="/home/benjamin/agentdevelopment/mas-bt/bin/debug/net10.0/mas-bt.dll" id="c6c39601-9fd3-33c1-9050-0d8d19490fa0">
      <Execution id="7c674322-574f-4962-bcf9-223cb8d5e632" />
      <TestMethod codeBase="/home/benjamin/AgentDevelopment/MAS-BT/bin/Debug/net10.0/MAS-BT.dll" adapterTypeName="executor://xunit/VsTestRunner3/netcore/" className="MAS_BT.Tests.SimilarityAnalysisTests" name="CalcEmbedding_WithWrongNumberOfElements_Fails" />
    </UnitTest>
    <UnitTest name="MAS_BT.Tests.RegistrationIntegrationTests.DispatchingModuleInfo_FromMessage_ExtractsAgentIdAndCapabilitiesFromRegisterMessage" storage="/home/benjamin/agentdevelopment/mas-bt/bin/debug/net10.0/mas-bt.dll" id="7e345b3b-d51c-a774-67a3-3429e5b3b2ad">
      <Execution id="2cff31ba-15f9-470d-a71a-f67cd67c78d6" />
      <TestMethod codeBase="/home/benjamin/AgentDevelopment/MAS-BT/bin/Debug/net10.0/MAS-BT.dll" adapterTypeName="executor://xunit/VsTestRunner3/netcore/" className="MAS_BT.Tests.RegistrationIntegrationTests" name="DispatchingModuleInfo_FromMessage_ExtractsAgentIdAndCapabilitiesFromRegisterMessage" />
    </UnitTest>
    <UnitTest name="MAS_BT.Tests.PairwiseSimilarityTests.CalcPairwiseSimilarity_ComputesCorrectNumberOfPairs" storage="/home/benjamin/agentdevelopment/mas-bt/bin/debug/net10.0/mas-bt.dll" id="4d6f8513-ed57-c9c7-834d-45ddbd277ed7">
      <Execution id="18d33bf8-314b-49c8-b4eb-52b7b4f110ec" />
      <TestMethod codeBase="/home/benjamin/AgentDevelopment/MAS-BT/bin/Debug/net10.0/MAS-BT.dll" adapterTypeName="executor://xunit/VsTestRunner3/netcore/" className="MAS_BT.Tests.PairwiseSimilarityTests" name="CalcPairwiseSimilarity_ComputesCorrectNumberOfPairs" />
    </UnitTest>
    <UnitTest name="MAS_BT.Tests.PlanCapabilityOfferNodeTests.OfferRequestP102Assemble_PopulatesConstraintsSkillAndInputs" storage="/home/benjamin/agentdevelopment/mas-bt/bin/debug/net10.0/mas-bt.dll" id="2834a1a2-1c05-a4d8-75f0-3617d9008f2a">
      <Execution id="2e4c2ed9-55f8-4fe9-b414-3f846a49a9a9" />
      <TestMethod codeBase="/home/benjamin/AgentDevelopment/MAS-BT/bin/Debug/net10.0/MAS-BT.dll" adapterTypeName="executor://xunit/VsTestRunner3/netcore/" className="MAS_BT.Tests.PlanCapabilityOfferNodeTests" name="OfferRequestP102Assemble_PopulatesConstraintsSkillAndInputs" />
    </UnitTest>
    <UnitTest name="MAS_BT.Tests.RegistrationIntegrationTests.RegisterAgent_DispatchingAgent_AggregatesCapabilitiesAndInventoryAcrossModules" storage="/home/benjamin/agentdevelopment/mas-bt/bin/debug/net10.0/mas-bt.dll" id="0f1ef805-1da4-3a34-9cc3-9e9798ceaaad">
      <Execution id="2009c834-9b6c-4617-9530-4aee3f694dd8" />
      <TestMethod codeBase="/home/benjamin/AgentDevelopment/MAS-BT/bin/Debug/net10.0/MAS-BT.dll" adapterTypeName="executor://xunit/VsTestRunner3/netcore/" className="MAS_BT.Tests.RegistrationIntegrationTests" name="RegisterAgent_DispatchingAgent_AggregatesCapabilitiesAndInventoryAcrossModules" />
    </UnitTest>
    <UnitTest name="MAS_BT.Tests.UploadSubmodelIntegrationTests.Uploads_And_Retrieves_Submodel_On_Remote_Repository" storage="/home/benjamin/agentdevelopment/mas-bt/bin/debug/net10.0/mas-bt.dll" id="83d564d2-af8c-e113-a721-912f4ce1eb09">
      <Execution id="76b29b80-832a-44c6-855f-3f97064e0351" />
      <TestMethod codeBase="/home/benjamin/AgentDevelopment/MAS-BT/bin/Debug/net10.0/MAS-BT.dll" adapterTypeName="executor://xunit/VsTestRunner3/netcore/" className="MAS_BT.Tests.UploadSubmodelIntegrationTests" name="Uploads_And_Retrieves_Submodel_On_Remote_Repository" />
    </UnitTest>
    <UnitTest name="MAS_BT.Tests.SkillRequestQueueTests.TryEnqueueHonorsCapacity" storage="/home/benjamin/agentdevelopment/mas-bt/bin/debug/net10.0/mas-bt.dll" id="e7e9e105-fd1a-196d-d5a6-3708a4f8d6f8">
      <Execution id="f994b74e-18a3-4d83-9d27-d481a2cb20dd" />
      <TestMethod codeBase="/home/benjamin/AgentDevelopment/MAS-BT/bin/Debug/net10.0/MAS-BT.dll" adapterTypeName="executor://xunit/VsTestRunner3/netcore/" className="MAS_BT.Tests.SkillRequestQueueTests" name="TryEnqueueHonorsCapacity" />
    </UnitTest>
    <UnitTest name="MAS_BT.Tests.ModuleMessagingIntegrationTests.DispatcherBuildsManufacturingSequenceWithTransportSequences" storage="/home/benjamin/agentdevelopment/mas-bt/bin/debug/net10.0/mas-bt.dll" id="3284f0ab-f291-93f5-83bf-49b93be6ac8d">
      <Execution id="ee538de8-6cbb-4a56-a130-9342df15dde1" />
      <TestMethod codeBase="/home/benjamin/AgentDevelopment/MAS-BT/bin/Debug/net10.0/MAS-BT.dll" adapterTypeName="executor://xunit/VsTestRunner3/netcore/" className="MAS_BT.Tests.ModuleMessagingIntegrationTests" name="DispatcherBuildsManufacturingSequenceWithTransportSequences" />
    </UnitTest>
    <UnitTest name="MAS_BT.Tests.Neo4jCapabilityPropertyQueryTests.Integration_Neo4jQuery_ReturnsCapabilityReference_WhenEnabled" storage="/home/benjamin/agentdevelopment/mas-bt/bin/debug/net10.0/mas-bt.dll" id="d854f7f8-3900-d326-1b06-4a354c1050c4">
      <Execution id="63c5ddff-9ffa-4870-95bb-fe596ee61ebb" />
      <TestMethod codeBase="/home/benjamin/AgentDevelopment/MAS-BT/bin/Debug/net10.0/MAS-BT.dll" adapterTypeName="executor://xunit/VsTestRunner3/netcore/" className="MAS_BT.Tests.Neo4jCapabilityPropertyQueryTests" name="Integration_Neo4jQuery_ReturnsCapabilityReference_WhenEnabled" />
    </UnitTest>
    <UnitTest name="MAS_BT.Tests.PlanCapabilityOfferNodeTests.PlanCapabilityOffer_AppendsTransportSequenceInPlacementOrder" storage="/home/benjamin/agentdevelopment/mas-bt/bin/debug/net10.0/mas-bt.dll" id="f17d1e68-2578-7c2d-f315-e09d4fe14dc8">
      <Execution id="593949f2-f0a7-49b8-804a-9eec5ef770ad" />
      <TestMethod codeBase="/home/benjamin/AgentDevelopment/MAS-BT/bin/Debug/net10.0/MAS-BT.dll" adapterTypeName="executor://xunit/VsTestRunner3/netcore/" className="MAS_BT.Tests.PlanCapabilityOfferNodeTests" name="PlanCapabilityOffer_AppendsTransportSequenceInPlacementOrder" />
    </UnitTest>
    <UnitTest name="MAS_BT.Tests.MqttPublishedCalcSimilarityPayloadDeserializationTests.Deserialize_MosquittoPubPayload_CreatesI40MessageWithInteractionElements" storage="/home/benjamin/agentdevelopment/mas-bt/bin/debug/net10.0/mas-bt.dll" id="f59aafa0-dbef-b7c5-0406-0622c0732e78">
      <Execution id="fc0e0522-0898-4274-8c6d-d2e045c0c063" />
      <TestMethod codeBase="/home/benjamin/AgentDevelopment/MAS-BT/bin/Debug/net10.0/MAS-BT.dll" adapterTypeName="executor://xunit/VsTestRunner3/netcore/" className="MAS_BT.Tests.MqttPublishedCalcSimilarityPayloadDeserializationTests" name="Deserialize_MosquittoPubPayload_CreatesI40MessageWithInteractionElements" />
    </UnitTest>
    <UnitTest name="MAS_BT.Tests.PairwiseSimilarityTests.BuildPairwiseSimilarityResponse_ConstructsMessage" storage="/home/benjamin/agentdevelopment/mas-bt/bin/debug/net10.0/mas-bt.dll" id="a6023660-f533-19cc-c9ae-66ab989ecacc">
      <Execution id="676ea35d-d1c9-4e19-a8a5-3623b3499d92" />
      <TestMethod codeBase="/home/benjamin/AgentDevelopment/MAS-BT/bin/Debug/net10.0/MAS-BT.dll" adapterTypeName="executor://xunit/VsTestRunner3/netcore/" className="MAS_BT.Tests.PairwiseSimilarityTests" name="BuildPairwiseSimilarityResponse_ConstructsMessage" />
    </UnitTest>
    <UnitTest name="MAS_BT.Tests.SimilarityAnalysisTests.CalcCosineSimilarity_WithTwoEmbeddings_CalculatesSimilarity" storage="/home/benjamin/agentdevelopment/mas-bt/bin/debug/net10.0/mas-bt.dll" id="d2d21dd5-b6c1-b6fe-a071-79f5c689b374">
      <Execution id="930720f6-5838-4463-929a-92c989e56d0b" />
      <TestMethod codeBase="/home/benjamin/AgentDevelopment/MAS-BT/bin/Debug/net10.0/MAS-BT.dll" adapterTypeName="executor://xunit/VsTestRunner3/netcore/" className="MAS_BT.Tests.SimilarityAnalysisTests" name="CalcCosineSimilarity_WithTwoEmbeddings_CalculatesSimilarity" />
    </UnitTest>
    <UnitTest name="MAS_BT.Tests.SimilarityAnalysisTests.SimilarityAnalysis_EndToEnd_WithRealMessage" storage="/home/benjamin/agentdevelopment/mas-bt/bin/debug/net10.0/mas-bt.dll" id="b6d90ef6-3f79-8546-5862-92eefebf5997">
      <Execution id="9d1cdf07-bcdd-4331-81c8-9201fcfead23" />
      <TestMethod codeBase="/home/benjamin/AgentDevelopment/MAS-BT/bin/Debug/net10.0/MAS-BT.dll" adapterTypeName="executor://xunit/VsTestRunner3/netcore/" className="MAS_BT.Tests.SimilarityAnalysisTests" name="SimilarityAnalysis_EndToEnd_WithRealMessage" />
    </UnitTest>
    <UnitTest name="MAS_BT.Tests.CapabilityMatchmakingNodeTests.EmbeddingFallbackMatchesDifferentNames" storage="/home/benjamin/agentdevelopment/mas-bt/bin/debug/net10.0/mas-bt.dll" id="9a01b613-544a-b867-741a-20923925535b">
      <Execution id="a4d55471-fc99-4bee-a26d-f785e3cb2cfc" />
      <TestMethod codeBase="/home/benjamin/AgentDevelopment/MAS-BT/bin/Debug/net10.0/MAS-BT.dll" adapterTypeName="executor://xunit/VsTestRunner3/netcore/" className="MAS_BT.Tests.CapabilityMatchmakingNodeTests" name="EmbeddingFallbackMatchesDifferentNames" />
    </UnitTest>
    <UnitTest name="MAS_BT.Tests.ModuleMessagingIntegrationTests.ForwardCapabilityRequests_ForwardsDispatcherCfpToPlanningTopic" storage="/home/benjamin/agentdevelopment/mas-bt/bin/debug/net10.0/mas-bt.dll" id="1a830ff4-0888-f9ea-6229-8e11e802e4c1">
      <Execution id="87f2ccdb-352d-43f7-bc3b-478f2bf931e5" />
      <TestMethod codeBase="/home/benjamin/AgentDevelopment/MAS-BT/bin/Debug/net10.0/MAS-BT.dll" adapterTypeName="executor://xunit/VsTestRunner3/netcore/" className="MAS_BT.Tests.ModuleMessagingIntegrationTests" name="ForwardCapabilityRequests_ForwardsDispatcherCfpToPlanningTopic" />
    </UnitTest>
    <UnitTest name="MAS_BT.Tests.RegistrationIntegrationTests.RegisterAgent_PlanningAgent_PublishesSubHolonRegisterToModuleTopic" storage="/home/benjamin/agentdevelopment/mas-bt/bin/debug/net10.0/mas-bt.dll" id="3302a684-738e-2406-0a2a-6586ed6aac8c">
      <Execution id="998dc381-6c92-448f-92d1-e30b9f8ac719" />
      <TestMethod codeBase="/home/benjamin/AgentDevelopment/MAS-BT/bin/Debug/net10.0/MAS-BT.dll" adapterTypeName="executor://xunit/VsTestRunner3/netcore/" className="MAS_BT.Tests.RegistrationIntegrationTests" name="RegisterAgent_PlanningAgent_PublishesSubHolonRegisterToModuleTopic" />
    </UnitTest>
    <UnitTest name="MAS_BT.Tests.ProcessChainCapabilityMatchmakingTests.CapabilityCheckSuccess_AllowsDispatchOfCapabilityRequests" storage="/home/benjamin/agentdevelopment/mas-bt/bin/debug/net10.0/mas-bt.dll" id="a589663b-55bf-1c92-5608-67ab0ba1d7c2">
      <Execution id="7dc9b0fd-0545-4ae3-a012-7be3122d77b3" />
      <TestMethod codeBase="/home/benjamin/AgentDevelopment/MAS-BT/bin/Debug/net10.0/MAS-BT.dll" adapterTypeName="executor://xunit/VsTestRunner3/netcore/" className="MAS_BT.Tests.ProcessChainCapabilityMatchmakingTests" name="CapabilityCheckSuccess_AllowsDispatchOfCapabilityRequests" />
    </UnitTest>
    <UnitTest name="MAS_BT.Tests.PlanningAgentNodesTests.SelectNextAction_FailsWithoutPlan" storage="/home/benjamin/agentdevelopment/mas-bt/bin/debug/net10.0/mas-bt.dll" id="108438f4-42f4-1f87-fc72-44c9966852cc">
      <Execution id="f70b7084-b35a-4399-8f5b-c6bb24d3b7c3" />
      <TestMethod codeBase="/home/benjamin/AgentDevelopment/MAS-BT/bin/Debug/net10.0/MAS-BT.dll" adapterTypeName="executor://xunit/VsTestRunner3/netcore/" className="MAS_BT.Tests.PlanningAgentNodesTests" name="SelectNextAction_FailsWithoutPlan" />
    </UnitTest>
    <UnitTest name="MAS_BT.Tests.ProcessChainCapabilityMatchmakingTests.CapabilityCheckFailure_SendsRefusalResponse" storage="/home/benjamin/agentdevelopment/mas-bt/bin/debug/net10.0/mas-bt.dll" id="f93124c0-e188-f709-3235-1db0ff02d7a5">
      <Execution id="3ac671d5-1206-4996-a01c-3498ce546688" />
      <TestMethod codeBase="/home/benjamin/AgentDevelopment/MAS-BT/bin/Debug/net10.0/MAS-BT.dll" adapterTypeName="executor://xunit/VsTestRunner3/netcore/" className="MAS_BT.Tests.ProcessChainCapabilityMatchmakingTests" name="CapabilityCheckFailure_SendsRefusalResponse" />
    </UnitTest>
    <UnitTest name="MAS_BT.Tests.ModuleMessagingIntegrationTests.PlanningAgentNodes_SendProposalResponse" storage="/home/benjamin/agentdevelopment/mas-bt/bin/debug/net10.0/mas-bt.dll" id="d9b86ebe-9f40-44fb-0df7-7781c4dfa0d1">
      <Execution id="1dacafbd-cee0-4664-b853-dcf4dacc7431" />
      <TestMethod codeBase="/home/benjamin/AgentDevelopment/MAS-BT/bin/Debug/net10.0/MAS-BT.dll" adapterTypeName="executor://xunit/VsTestRunner3/netcore/" className="MAS_BT.Tests.ModuleMessagingIntegrationTests" name="PlanningAgentNodes_SendProposalResponse" />
    </UnitTest>
    <UnitTest name="MAS_BT.Tests.RegistrationIntegrationTests.SubscribeAgentTopics_DispatchingAgent_UpdatesStateFromIncomingRegistration" storage="/home/benjamin/agentdevelopment/mas-bt/bin/debug/net10.0/mas-bt.dll" id="57a28589-1cf4-d128-4a2f-6f16f95f5729">
      <Execution id="c109050e-2811-43f9-9091-c64ded60c006" />
      <TestMethod codeBase="/home/benjamin/AgentDevelopment/MAS-BT/bin/Debug/net10.0/MAS-BT.dll" adapterTypeName="executor://xunit/VsTestRunner3/netcore/" className="MAS_BT.Tests.RegistrationIntegrationTests" name="SubscribeAgentTopics_DispatchingAgent_UpdatesStateFromIncomingRegistration" />
    </UnitTest>
    <UnitTest name="MAS_BT.Tests.RegistrationIntegrationTests.RegisterAgent_DispatchingAgent_PublishesRegisterToNamespaceWithSubagentsFromState" storage="/home/benjamin/agentdevelopment/mas-bt/bin/debug/net10.0/mas-bt.dll" id="cc53e5f2-81b0-c4be-7f30-f32fbd1bbf90">
      <Execution id="ef6c4924-89d2-44a3-8694-7c7dc58c4995" />
      <TestMethod codeBase="/home/benjamin/AgentDevelopment/MAS-BT/bin/Debug/net10.0/MAS-BT.dll" adapterTypeName="executor://xunit/VsTestRunner3/netcore/" className="MAS_BT.Tests.RegistrationIntegrationTests" name="RegisterAgent_DispatchingAgent_PublishesRegisterToNamespaceWithSubagentsFromState" />
    </UnitTest>
    <UnitTest name="MAS_BT.Tests.UploadSubmodelNodeTests.Execute_NoCandidateInContext_ReturnsFailure" storage="/home/benjamin/agentdevelopment/mas-bt/bin/debug/net10.0/mas-bt.dll" id="d4cf13c1-6999-db44-a6f0-bb7485702364">
      <Execution id="86953f65-984b-4f2e-bd35-66eb5d84ce62" />
      <TestMethod codeBase="/home/benjamin/AgentDevelopment/MAS-BT/bin/Debug/net10.0/MAS-BT.dll" adapterTypeName="executor://xunit/VsTestRunner3/netcore/" className="MAS_BT.Tests.UploadSubmodelNodeTests" name="Execute_NoCandidateInContext_ReturnsFailure" />
    </UnitTest>
    <UnitTest name="MAS_BT.Tests.SkillRequestQueueTests.TryEnqueueStoresEnvelopeData" storage="/home/benjamin/agentdevelopment/mas-bt/bin/debug/net10.0/mas-bt.dll" id="1d193b8a-9da0-0d25-f435-d6ee50ca6104">
      <Execution id="efd070cc-60f0-4179-b5e7-ae8c24d1bc48" />
      <TestMethod codeBase="/home/benjamin/AgentDevelopment/MAS-BT/bin/Debug/net10.0/MAS-BT.dll" adapterTypeName="executor://xunit/VsTestRunner3/netcore/" className="MAS_BT.Tests.SkillRequestQueueTests" name="TryEnqueueStoresEnvelopeData" />
    </UnitTest>
    <UnitTest name="MAS_BT.Tests.BuildProcessChainResponseNodeTests.Execute_EmbedsOffersDirectlyInProcessChain" storage="/home/benjamin/agentdevelopment/mas-bt/bin/debug/net10.0/mas-bt.dll" id="970a2b65-2257-b78f-acbe-f7a474850d60">
      <Execution id="6e0f8819-6857-4c43-baee-085e0507e709" />
      <TestMethod codeBase="/home/benjamin/AgentDevelopment/MAS-BT/bin/Debug/net10.0/MAS-BT.dll" adapterTypeName="executor://xunit/VsTestRunner3/netcore/" className="MAS_BT.Tests.BuildProcessChainResponseNodeTests" name="Execute_EmbedsOffersDirectlyInProcessChain" />
    </UnitTest>
    <UnitTest name="MAS_BT.Tests.SkillRequestQueueTests.TryRemoveByConversationIdRemovesEntries" storage="/home/benjamin/agentdevelopment/mas-bt/bin/debug/net10.0/mas-bt.dll" id="51101caa-470e-0b49-ad01-0185e3c7a567">
      <Execution id="a0cb1816-a395-4543-af8a-a748b9e37b97" />
      <TestMethod codeBase="/home/benjamin/AgentDevelopment/MAS-BT/bin/Debug/net10.0/MAS-BT.dll" adapterTypeName="executor://xunit/VsTestRunner3/netcore/" className="MAS_BT.Tests.SkillRequestQueueTests" name="TryRemoveByConversationIdRemovesEntries" />
    </UnitTest>
    <UnitTest name="MAS_BT.Tests.PlanningAgentNodesTests.LoadProductionPlan_CreatesPlan" storage="/home/benjamin/agentdevelopment/mas-bt/bin/debug/net10.0/mas-bt.dll" id="ba5d8499-2135-0197-94e6-e5186b09cc7b">
      <Execution id="4b926276-e87f-4900-b9e2-7617457cce06" />
      <TestMethod codeBase="/home/benjamin/AgentDevelopment/MAS-BT/bin/Debug/net10.0/MAS-BT.dll" adapterTypeName="executor://xunit/VsTestRunner3/netcore/" className="MAS_BT.Tests.PlanningAgentNodesTests" name="LoadProductionPlan_CreatesPlan" />
    </UnitTest>
    <UnitTest name="MAS_BT.Tests.ModuleMessagingIntegrationTests.PlanningAgentRespondsToDispatcherOffer" storage="/home/benjamin/agentdevelopment/mas-bt/bin/debug/net10.0/mas-bt.dll" id="c631e6b7-4af0-c369-329a-b95e8b11b16c">
      <Execution id="4b8bcadb-fdec-44cc-bffe-19c8dbaa2edf" />
      <TestMethod codeBase="/home/benjamin/AgentDevelopment/MAS-BT/bin/Debug/net10.0/MAS-BT.dll" adapterTypeName="executor://xunit/VsTestRunner3/netcore/" className="MAS_BT.Tests.ModuleMessagingIntegrationTests" name="PlanningAgentRespondsToDispatcherOffer" />
    </UnitTest>
    <UnitTest name="MAS_BT.Tests.CapabilityRequestContextTests.FromMessage_AttachesCapabilityContainer" storage="/home/benjamin/agentdevelopment/mas-bt/bin/debug/net10.0/mas-bt.dll" id="f6d398eb-84a6-71bd-4689-c071775d45dd">
      <Execution id="d6814c38-4219-4b88-8539-e100ae82273a" />
      <TestMethod codeBase="/home/benjamin/AgentDevelopment/MAS-BT/bin/Debug/net10.0/MAS-BT.dll" adapterTypeName="executor://xunit/VsTestRunner3/netcore/" className="MAS_BT.Tests.CapabilityRequestContextTests" name="FromMessage_AttachesCapabilityContainer" />
    </UnitTest>
    <UnitTest name="MAS_BT.Tests.Neo4jCapabilityPropertyQueryTests.Descriptor_UsesStoredEmbeddingWithoutCallingProvider" storage="/home/benjamin/agentdevelopment/mas-bt/bin/debug/net10.0/mas-bt.dll" id="26ad5ebd-c84d-e9d2-7dc2-0fcccdd3dc39">
      <Execution id="9c411cfc-4757-427b-ac3d-65732414349e" />
      <TestMethod codeBase="/home/benjamin/AgentDevelopment/MAS-BT/bin/Debug/net10.0/MAS-BT.dll" adapterTypeName="executor://xunit/VsTestRunner3/netcore/" className="MAS_BT.Tests.Neo4jCapabilityPropertyQueryTests" name="Descriptor_UsesStoredEmbeddingWithoutCallingProvider" />
    </UnitTest>
    <UnitTest name="MAS_BT.Tests.RegistrationIntegrationTests.SubscribeAgentTopics_DispatchingAgent_ReceivesOfferResponsesOnOfferTopic" storage="/home/benjamin/agentdevelopment/mas-bt/bin/debug/net10.0/mas-bt.dll" id="9de66c0a-9887-d70c-fb37-cacd26b74bfb">
      <Execution id="135152a0-e424-4a39-baf7-a9cf55bd6758" />
      <TestMethod codeBase="/home/benjamin/AgentDevelopment/MAS-BT/bin/Debug/net10.0/MAS-BT.dll" adapterTypeName="executor://xunit/VsTestRunner3/netcore/" className="MAS_BT.Tests.RegistrationIntegrationTests" name="SubscribeAgentTopics_DispatchingAgent_ReceivesOfferResponsesOnOfferTopic" />
    </UnitTest>
    <UnitTest name="MAS_BT.Tests.PlanCapabilityOfferNodeTests.OfferRequestP102Assemble_UsesNeo4jReference_WhenAvailable" storage="/home/benjamin/agentdevelopment/mas-bt/bin/debug/net10.0/mas-bt.dll" id="7f00ed03-183e-d219-0e56-bc2634a443c8">
      <Execution id="06e8542c-b70d-48ad-acb7-f25f8ecca30f" />
      <TestMethod codeBase="/home/benjamin/AgentDevelopment/MAS-BT/bin/Debug/net10.0/MAS-BT.dll" adapterTypeName="executor://xunit/VsTestRunner3/netcore/" className="MAS_BT.Tests.PlanCapabilityOfferNodeTests" name="OfferRequestP102Assemble_UsesNeo4jReference_WhenAvailable" />
    </UnitTest>
    <UnitTest name="MAS_BT.Tests.RegistrationIntegrationTests.WaitForRegistration_AllowsSameAgentIdWhenRolesDiffer" storage="/home/benjamin/agentdevelopment/mas-bt/bin/debug/net10.0/mas-bt.dll" id="e0a1a339-bef3-55ed-7921-66346e49c2d6">
      <Execution id="a1f99edd-7331-4aa8-a64f-29f500b4aa33" />
      <TestMethod codeBase="/home/benjamin/AgentDevelopment/MAS-BT/bin/Debug/net10.0/MAS-BT.dll" adapterTypeName="executor://xunit/VsTestRunner3/netcore/" className="MAS_BT.Tests.RegistrationIntegrationTests" name="WaitForRegistration_AllowsSameAgentIdWhenRolesDiffer" />
    </UnitTest>
  </TestDefinitions>
  <TestEntries>
    <TestEntry testId="86bd057a-071a-2cc5-5225-8c9d1628da70" executionId="1d53ffe9-30fd-4364-8d37-10e8ba6b76a9" testListId="8c84fa94-04c1-424b-9868-57a2d4851a1d" />
    <TestEntry testId="3302a684-738e-2406-0a2a-6586ed6aac8c" executionId="998dc381-6c92-448f-92d1-e30b9f8ac719" testListId="8c84fa94-04c1-424b-9868-57a2d4851a1d" />
    <TestEntry testId="9de66c0a-9887-d70c-fb37-cacd26b74bfb" executionId="135152a0-e424-4a39-baf7-a9cf55bd6758" testListId="8c84fa94-04c1-424b-9868-57a2d4851a1d" />
    <TestEntry testId="68d47de0-7e3b-b359-4341-c9f86308a866" executionId="4baf78b8-340a-496c-8be9-363bea9209ce" testListId="8c84fa94-04c1-424b-9868-57a2d4851a1d" />
    <TestEntry testId="1d193b8a-9da0-0d25-f435-d6ee50ca6104" executionId="efd070cc-60f0-4179-b5e7-ae8c24d1bc48" testListId="8c84fa94-04c1-424b-9868-57a2d4851a1d" />
    <TestEntry testId="c6c39601-9fd3-33c1-9050-0d8d19490fa0" executionId="7c674322-574f-4962-bcf9-223cb8d5e632" testListId="8c84fa94-04c1-424b-9868-57a2d4851a1d" />
    <TestEntry testId="7cd271b1-0981-acba-d730-fcb38f98ed05" executionId="d2c3f553-3a55-430e-8a7b-0c8c127e2e4d" testListId="8c84fa94-04c1-424b-9868-57a2d4851a1d" />
    <TestEntry testId="6d5ad7e3-c4cc-63c6-0a79-7afc302eb298" executionId="735e57ae-7f0c-4d72-a244-b027b1d17c73" testListId="8c84fa94-04c1-424b-9868-57a2d4851a1d" />
    <TestEntry testId="9a01b613-544a-b867-741a-20923925535b" executionId="a4d55471-fc99-4bee-a26d-f785e3cb2cfc" testListId="8c84fa94-04c1-424b-9868-57a2d4851a1d" />
    <TestEntry testId="7bbd22e5-4fd1-1a45-aa66-ac316343fcbe" executionId="ec28431b-023c-49fd-88aa-2e3bce2ccfab" testListId="8c84fa94-04c1-424b-9868-57a2d4851a1d" />
    <TestEntry testId="2e0a289a-136f-4369-8697-28621f8db105" executionId="e6eceb36-c126-47be-9b15-065859d372c5" testListId="8c84fa94-04c1-424b-9868-57a2d4851a1d" />
    <TestEntry testId="83d564d2-af8c-e113-a721-912f4ce1eb09" executionId="76b29b80-832a-44c6-855f-3f97064e0351" testListId="8c84fa94-04c1-424b-9868-57a2d4851a1d" />
    <TestEntry testId="26ad5ebd-c84d-e9d2-7dc2-0fcccdd3dc39" executionId="9c411cfc-4757-427b-ac3d-65732414349e" testListId="8c84fa94-04c1-424b-9868-57a2d4851a1d" />
    <TestEntry testId="d2d21dd5-b6c1-b6fe-a071-79f5c689b374" executionId="930720f6-5838-4463-929a-92c989e56d0b" testListId="8c84fa94-04c1-424b-9868-57a2d4851a1d" />
    <TestEntry testId="c831f4a0-55ff-d7df-b357-cc839f90d638" executionId="d91c2826-1268-4eff-b260-0692b024aaa8" testListId="8c84fa94-04c1-424b-9868-57a2d4851a1d" />
    <TestEntry testId="57a28589-1cf4-d128-4a2f-6f16f95f5729" executionId="c109050e-2811-43f9-9091-c64ded60c006" testListId="8c84fa94-04c1-424b-9868-57a2d4851a1d" />
    <TestEntry testId="2834a1a2-1c05-a4d8-75f0-3617d9008f2a" executionId="2e4c2ed9-55f8-4fe9-b414-3f846a49a9a9" testListId="8c84fa94-04c1-424b-9868-57a2d4851a1d" />
    <TestEntry testId="bfe665a5-c2f8-d988-587b-504e1f10c4e8" executionId="5f1c290a-46c5-4735-9df9-b1a8c6a19300" testListId="8c84fa94-04c1-424b-9868-57a2d4851a1d" />
    <TestEntry testId="6ac585d7-a387-1342-76d7-c282a2223379" executionId="78222984-ac02-47e4-b403-5a9fb5e443eb" testListId="8c84fa94-04c1-424b-9868-57a2d4851a1d" />
    <TestEntry testId="f17d1e68-2578-7c2d-f315-e09d4fe14dc8" executionId="593949f2-f0a7-49b8-804a-9eec5ef770ad" testListId="8c84fa94-04c1-424b-9868-57a2d4851a1d" />
    <TestEntry testId="a6023660-f533-19cc-c9ae-66ab989ecacc" executionId="676ea35d-d1c9-4e19-a8a5-3623b3499d92" testListId="8c84fa94-04c1-424b-9868-57a2d4851a1d" />
    <TestEntry testId="d4cf13c1-6999-db44-a6f0-bb7485702364" executionId="86953f65-984b-4f2e-bd35-66eb5d84ce62" testListId="8c84fa94-04c1-424b-9868-57a2d4851a1d" />
    <TestEntry testId="970a2b65-2257-b78f-acbe-f7a474850d60" executionId="6e0f8819-6857-4c43-baee-085e0507e709" testListId="8c84fa94-04c1-424b-9868-57a2d4851a1d" />
    <TestEntry testId="ba5d8499-2135-0197-94e6-e5186b09cc7b" executionId="4b926276-e87f-4900-b9e2-7617457cce06" testListId="8c84fa94-04c1-424b-9868-57a2d4851a1d" />
    <TestEntry testId="b4350cbc-7fb1-8dde-54d2-9b897af1009d" executionId="98eee912-b16e-4b73-ac7f-497a3fc7fee6" testListId="8c84fa94-04c1-424b-9868-57a2d4851a1d" />
    <TestEntry testId="55ae6e07-1ef1-8053-6371-c2f73cfde02a" executionId="67142576-d1d4-4d1a-a523-55da67912380" testListId="8c84fa94-04c1-424b-9868-57a2d4851a1d" />
    <TestEntry testId="0f1ef805-1da4-3a34-9cc3-9e9798ceaaad" executionId="2009c834-9b6c-4617-9530-4aee3f694dd8" testListId="8c84fa94-04c1-424b-9868-57a2d4851a1d" />
    <TestEntry testId="e0a1a339-bef3-55ed-7921-66346e49c2d6" executionId="a1f99edd-7331-4aa8-a64f-29f500b4aa33" testListId="8c84fa94-04c1-424b-9868-57a2d4851a1d" />
    <TestEntry testId="d854f7f8-3900-d326-1b06-4a354c1050c4" executionId="63c5ddff-9ffa-4870-95bb-fe596ee61ebb" testListId="8c84fa94-04c1-424b-9868-57a2d4851a1d" />
    <TestEntry testId="4d6f8513-ed57-c9c7-834d-45ddbd277ed7" executionId="18d33bf8-314b-49c8-b4eb-52b7b4f110ec" testListId="8c84fa94-04c1-424b-9868-57a2d4851a1d" />
    <TestEntry testId="cc6b2955-265e-191b-766b-619406f45370" executionId="82472adf-582c-4227-ac21-47a3fdf9225c" testListId="8c84fa94-04c1-424b-9868-57a2d4851a1d" />
    <TestEntry testId="8c2276d2-4417-dce8-2155-2f260f8dab0f" executionId="e4e3ad63-0594-4b95-9d99-5db428b58246" testListId="8c84fa94-04c1-424b-9868-57a2d4851a1d" />
    <TestEntry testId="b6d90ef6-3f79-8546-5862-92eefebf5997" executionId="9d1cdf07-bcdd-4331-81c8-9201fcfead23" testListId="8c84fa94-04c1-424b-9868-57a2d4851a1d" />
    <TestEntry testId="ca418959-c865-76d3-9692-6d20ee3a30b6" executionId="2cee1721-038a-4505-8fe7-a331d413d487" testListId="8c84fa94-04c1-424b-9868-57a2d4851a1d" />
    <TestEntry testId="ff68871d-dfed-c21f-0248-ff80b9471bff" executionId="12123ea1-df45-4bd1-a09f-5d430b00aa3f" testListId="8c84fa94-04c1-424b-9868-57a2d4851a1d" />
    <TestEntry testId="f59aafa0-dbef-b7c5-0406-0622c0732e78" executionId="fc0e0522-0898-4274-8c6d-d2e045c0c063" testListId="8c84fa94-04c1-424b-9868-57a2d4851a1d" />
    <TestEntry testId="5b76061b-73d7-7732-8685-59ac8f0779b5" executionId="a6e299a7-791f-4659-9ff8-107a16ed1d20" testListId="8c84fa94-04c1-424b-9868-57a2d4851a1d" />
    <TestEntry testId="2555d7b1-16c3-655d-0ea2-460472411419" executionId="bff691fe-1afe-4bd6-a41c-64d35b8b7451" testListId="8c84fa94-04c1-424b-9868-57a2d4851a1d" />
    <TestEntry testId="a589663b-55bf-1c92-5608-67ab0ba1d7c2" executionId="7dc9b0fd-0545-4ae3-a012-7be3122d77b3" testListId="8c84fa94-04c1-424b-9868-57a2d4851a1d" />
    <TestEntry testId="ecebad3b-8004-52c6-2d4a-545445178668" executionId="fb5dc609-07cc-4cf7-88e5-b327ba0d4eca" testListId="8c84fa94-04c1-424b-9868-57a2d4851a1d" />
    <TestEntry testId="cc53e5f2-81b0-c4be-7f30-f32fbd1bbf90" executionId="ef6c4924-89d2-44a3-8694-7c7dc58c4995" testListId="8c84fa94-04c1-424b-9868-57a2d4851a1d" />
    <TestEntry testId="51101caa-470e-0b49-ad01-0185e3c7a567" executionId="a0cb1816-a395-4543-af8a-a748b9e37b97" testListId="8c84fa94-04c1-424b-9868-57a2d4851a1d" />
    <TestEntry testId="108438f4-42f4-1f87-fc72-44c9966852cc" executionId="f70b7084-b35a-4399-8f5b-c6bb24d3b7c3" testListId="8c84fa94-04c1-424b-9868-57a2d4851a1d" />
    <TestEntry testId="e7e9e105-fd1a-196d-d5a6-3708a4f8d6f8" executionId="f994b74e-18a3-4d83-9d27-d481a2cb20dd" testListId="8c84fa94-04c1-424b-9868-57a2d4851a1d" />
    <TestEntry testId="c631e6b7-4af0-c369-329a-b95e8b11b16c" executionId="4b8bcadb-fdec-44cc-bffe-19c8dbaa2edf" testListId="8c84fa94-04c1-424b-9868-57a2d4851a1d" />
    <TestEntry testId="3284f0ab-f291-93f5-83bf-49b93be6ac8d" executionId="ee538de8-6cbb-4a56-a130-9342df15dde1" testListId="8c84fa94-04c1-424b-9868-57a2d4851a1d" />
    <TestEntry testId="d9b86ebe-9f40-44fb-0df7-7781c4dfa0d1" executionId="1dacafbd-cee0-4664-b853-dcf4dacc7431" testListId="8c84fa94-04c1-424b-9868-57a2d4851a1d" />
    <TestEntry testId="7f00ed03-183e-d219-0e56-bc2634a443c8" executionId="06e8542c-b70d-48ad-acb7-f25f8ecca30f" testListId="8c84fa94-04c1-424b-9868-57a2d4851a1d" />
    <TestEntry testId="f93124c0-e188-f709-3235-1db0ff02d7a5" executionId="3ac671d5-1206-4996-a01c-3498ce546688" testListId="8c84fa94-04c1-424b-9868-57a2d4851a1d" />
    <TestEntry testId="1a830ff4-0888-f9ea-6229-8e11e802e4c1" executionId="87f2ccdb-352d-43f7-bc3b-478f2bf931e5" testListId="8c84fa94-04c1-424b-9868-57a2d4851a1d" />
    <TestEntry testId="f6d398eb-84a6-71bd-4689-c071775d45dd" executionId="d6814c38-4219-4b88-8539-e100ae82273a" testListId="8c84fa94-04c1-424b-9868-57a2d4851a1d" />
    <TestEntry testId="7e345b3b-d51c-a774-67a3-3429e5b3b2ad" executionId="2cff31ba-15f9-470d-a71a-f67cd67c78d6" testListId="8c84fa94-04c1-424b-9868-57a2d4851a1d" />
  </TestEntries>
  <TestLists>
    <TestList name="Results Not in a List" id="8c84fa94-04c1-424b-9868-57a2d4851a1d" />
    <TestList name="All Loaded Results" id="19431567-8539-422a-85d7-44ee4e166bda" />
  </TestLists>
  <ResultSummary outcome="Failed">
    <Counters total="52" executed="52" passed="51" failed="1" error="0" timeout="0" aborted="0" inconclusive="0" passedButRunAborted="0" notRunnable="0" notExecuted="0" disconnected="0" warning="0" completed="0" inProgress="0" pending="0" />
    <Output>
      <StdOut>[xUnit.net 00:00:00.00] xUnit.net VSTest Adapter v3.0.0+e341b939fe (64-bit .NET 10.0.0)
[xUnit.net 00:00:00.04]   Discovering: MAS-BT
[xUnit.net 00:00:00.07]   Discovered:  MAS-BT
[xUnit.net 00:00:00.08]   Starting:    MAS-BT
[xUnit.net 00:00:02.21]       Assert.Equal() Failure: Values differ
[xUnit.net 00:00:02.21]       Expected: Success
[xUnit.net 00:00:02.21]       Actual:   Running
[xUnit.net 00:00:02.21]       Stack Trace:
[xUnit.net 00:00:02.22]         /home/benjamin/AgentDevelopment/MAS-BT/tests/ModuleMessagingIntegrationTests.cs(423,0): at MAS_BT.Tests.ModuleMessagingIntegrationTests.DispatcherBuildsManufacturingSequenceWithTransportSequences()
[xUnit.net 00:00:02.22]         --- End of stack trace from previous location ---
ReceiverId=Broadcast
[xUnit.net 00:00:02.24]   Finished:    MAS-BT
</StdOut>
    </Output>
    <RunInfos>
      <RunInfo computerName="BeBlWorkstationUbuntu" outcome="Error" timestamp="2025-12-15T22:44:24.8111779+01:00">
        <Text>[xUnit.net 00:00:02.21]     MAS_BT.Tests.ModuleMessagingIntegrationTests.DispatcherBuildsManufacturingSequenceWithTransportSequences [FAIL]</Text>
      </RunInfo>
    </RunInfos>
  </ResultSummary>
</TestRun>